// Jest Snapshot v1, https://goo.gl/fbAQLP

exports[`Deps Fixtures traceDependencies 1`] = `
Array [
  Object {
    "files": undefined,
    "name": "aws-sdk",
    "path": "file:///home/mholman/Projects/block65/biruda/__tests__/fixtures/fixture1/node_modules/aws-sdk/",
    "version": "2.831.0",
  },
  Object {
    "files": undefined,
    "name": "buffer",
    "path": "file:///home/mholman/Projects/block65/biruda/__tests__/fixtures/fixture1/node_modules/buffer/",
    "version": "4.9.2",
  },
  Object {
    "files": undefined,
    "name": "base64-js",
    "path": "file:///home/mholman/Projects/block65/biruda/__tests__/fixtures/fixture1/node_modules/base64-js/",
    "version": "^1.0.2",
  },
  Object {
    "files": undefined,
    "name": "ieee754",
    "path": "file:///home/mholman/Projects/block65/biruda/__tests__/fixtures/fixture1/node_modules/buffer/node_modules/ieee754/",
    "version": "^1.1.4",
  },
  Object {
    "files": undefined,
    "name": "isarray",
    "path": "file:///home/mholman/Projects/block65/biruda/__tests__/fixtures/fixture1/node_modules/isarray/",
    "version": "^1.0.0",
  },
  Object {
    "files": undefined,
    "name": "events",
    "path": "file:///home/mholman/Projects/block65/biruda/__tests__/fixtures/fixture1/node_modules/events/",
    "version": "1.1.1",
  },
  Object {
    "files": undefined,
    "name": "ieee754",
    "path": "file:///home/mholman/Projects/block65/biruda/__tests__/fixtures/fixture1/node_modules/ieee754/",
    "version": "1.1.13",
  },
  Object {
    "files": undefined,
    "name": "jmespath",
    "path": "file:///home/mholman/Projects/block65/biruda/__tests__/fixtures/fixture1/node_modules/jmespath/",
    "version": "0.15.0",
  },
  Object {
    "files": undefined,
    "name": "querystring",
    "path": "file:///home/mholman/Projects/block65/biruda/__tests__/fixtures/fixture1/node_modules/querystring/",
    "version": "0.2.0",
  },
  Object {
    "files": Array [
      "lib/sax.js",
      "LICENSE",
      "LICENSE-W3C.html",
      "README.md",
    ],
    "name": "sax",
    "path": "file:///home/mholman/Projects/block65/biruda/__tests__/fixtures/fixture1/node_modules/sax/",
    "version": "1.2.1",
  },
  Object {
    "files": undefined,
    "name": "url",
    "path": "file:///home/mholman/Projects/block65/biruda/__tests__/fixtures/fixture1/node_modules/url/",
    "version": "0.10.3",
  },
  Object {
    "files": Array [
      "LICENSE-MIT.txt",
      "punycode.js",
    ],
    "name": "punycode",
    "path": "file:///home/mholman/Projects/block65/biruda/__tests__/fixtures/fixture1/node_modules/punycode/",
    "version": "1.3.2",
  },
  Object {
    "files": undefined,
    "name": "querystring",
    "path": "file:///home/mholman/Projects/block65/biruda/__tests__/fixtures/fixture1/node_modules/querystring/",
    "version": "0.2.0",
  },
  Object {
    "files": undefined,
    "name": "uuid",
    "path": "file:///home/mholman/Projects/block65/biruda/__tests__/fixtures/fixture1/node_modules/uuid/",
    "version": "3.3.2",
  },
  Object {
    "files": Array [
      "lib",
    ],
    "name": "xml2js",
    "path": "file:///home/mholman/Projects/block65/biruda/__tests__/fixtures/fixture1/node_modules/xml2js/",
    "version": "0.4.19",
  },
  Object {
    "files": Array [
      "lib/sax.js",
      "LICENSE",
      "README.md",
    ],
    "name": "sax",
    "path": "file:///home/mholman/Projects/block65/biruda/__tests__/fixtures/fixture1/node_modules/xml2js/node_modules/sax/",
    "version": ">=0.6.0",
  },
  Object {
    "files": undefined,
    "name": "xmlbuilder",
    "path": "file:///home/mholman/Projects/block65/biruda/__tests__/fixtures/fixture1/node_modules/xmlbuilder/",
    "version": "~9.0.1",
  },
]
`;
